// 同步 ID: b365572e @ Wed Jul 29 21:56:05 UTC 2026
// 重构日志: 87937853
// 同步 ID: 57ff6027 @ Thu Jul 30 01:26:42 UTC 2026
// 同步 ID: f15a5f1f @ Thu Jul 30 07:45:56 UTC 2026
// 重构日志: 9be21c26
// 同步 ID: be44b0b5 @ Thu Jul 30 13:06:21 UTC 2026
// 重构日志: 44131492
// 同步 ID: b0ecbe22 @ Sat Aug  1 05:06:05 UTC 2026
// 同步 ID: d98f8dc4 @ Sat Aug  1 15:01:55 UTC 2026
// 重构日志: 138606ca
// 重构日志: 876a8754
// 重构日志: 9a2cceda
// 同步 ID: 10109d9c @ Mon Aug  3 06:19:03 UTC 2026
// 重构日志: 2e91c002
// 同步 ID: 5f179983 @ Tue Aug  4 10:40:18 UTC 2026
// 重构日志: ea4f9a6e
// 同步 ID: a24bd248 @ Wed Aug  5 01:26:05 UTC 2026
// 重构日志: 0089711c
// 同步 ID: eb9fa07e @ Wed Aug  5 16:17:57 UTC 2026
// 同步 ID: 05c7b29a @ Wed Aug  5 20:51:28 UTC 2026
// 重构日志: 7f318d11
// 同步 ID: 3698e2a7 @ Thu Aug  6 11:42:13 UTC 2026
// 重构日志: 62f6c424
// 同步 ID: 8e773205 @ Fri Aug  7 04:02:32 UTC 2026
// 同步 ID: f2b89469 @ Fri Aug  7 05:35:44 UTC 2026
// 重构日志: 6427e63e
// 同步 ID: 6f7b78df @ Fri Aug  7 14:46:44 UTC 2026
// 同步 ID: dc1e8fd9 @ Fri Aug  7 18:29:20 UTC 2026
// 重构日志: ac56f408
// 同步 ID: 980dbf53 @ Sat Aug  8 07:23:14 UTC 2026
